========================================
  QIM 全量回归测试
  服务器: http://localhost:8080
  日期: 2026-04-25 03:20:52
========================================

检查服务器状态...
✅ 服务器运行正常
>>> [1/15] 认证模块测试
  ✅ PASS: 登录成功获取Token

>>> [2/15] 用户管理测试
  ✅ PASS: 获取当前用户
  ✅ PASS: 更新用户资料
  ❌ FAIL: 搜索用户 (期望=0, 实际=400)

>>> [3/15] 会话管理测试
  ✅ PASS: 创建单聊会话
  ✅ PASS: 创建群聊会话
  ✅ PASS: 获取会话列表
  ✅ PASS: 会话置顶
  ✅ PASS: 获取会话详情

>>> [4/15] 消息功能测试
  ✅ PASS: 发送文本消息
  ✅ PASS: 获取历史消息
  ✅ PASS: 撤回消息

>>> [5/15] 组织架构测试
  ✅ PASS: 获取组织架构树

>>> [6/15] 文件管理测试
  ✅ PASS: 上传文件
  ✅ PASS: 获取文件列表
  ✅ PASS: 删除文件

>>> [7/15] 笔记管理测试
  ✅ PASS: 创建笔记
  ✅ PASS: 获取笔记列表
  ✅ PASS: 更新笔记
  ✅ PASS: 删除笔记

>>> [8/15] 任务管理测试
  ✅ PASS: 创建任务
  ✅ PASS: 获取任务列表
  ✅ PASS: 更新任务状态
  ✅ PASS: 删除任务

>>> [9/15] 日历事件测试
  ✅ PASS: 创建日历事件
  ✅ PASS: 获取事件列表
  ✅ PASS: 删除日历事件

>>> [10/15] 应用管理测试
  ✅ PASS: 获取应用列表
  ✅ PASS: 获取所有应用

>>> [11/15] 小程序管理测试
  ✅ PASS: 获取小程序列表

>>> [12/15] 通知管理测试
  ✅ PASS: 获取通知列表
  ✅ PASS: 标记所有通知已读

>>> [13/15] 频道管理测试
  ✅ PASS: 获取频道列表

>>> [14/15] 系统消息测试
  ✅ PASS: 获取系统消息

>>> [15/15] 安全测试
  ✅ PASS: 未认证返回401
  ✅ PASS: 无效Token返回401
  ✅ PASS: CORS配置正确

========================================
  测试完成
  通过: 36
  失败: 1
  总计: 37
  成功率: 97.2%
========================================
